cJSON.c:90:28:cJSON_GetErrorPtr	4	static
cJSON.c:95:22:cJSON_GetStringValue	16	static
cJSON.c:105:22:cJSON_GetNumberValue	16	static
cJSON.c:120:27:cJSON_Version	16	static
cJSON.c:129:12:case_insensitive_strcmp	24	static
cJSON.c:184:23:cJSON_strdup	24	static
cJSON.c:205:20:cJSON_InitHooks	16	static
cJSON.c:237:15:cJSON_New_Item	24	static
cJSON.c:248:20:cJSON_Delete	24	static
cJSON.c:272:22:get_decimal_point	4	static
cJSON.c:300:19:parse_number	104	static
cJSON.c:377:22:cJSON_SetNumberHelper	24	static
cJSON.c:395:21:cJSON_SetValuestring	32	static
cJSON.c:434:23:ensure	24	static
cJSON.c:522:13:update_offset	32	static
cJSON.c:535:19:compare_double	56	static
cJSON.c:542:19:print_number	96	static
cJSON.c:608:17:parse_hex4	24	static
cJSON.c:645:22:utf16_literal_to_utf8	48	static
cJSON.c:766:19:parse_string	48	static
cJSON.c:895:19:print_string_ptr	40	static
cJSON.c:1017:19:print_string	16	static
cJSON.c:1031:22:buffer_skip_whitespace	16	static
cJSON.c:1057:22:skip_utf8_bom	16	static
cJSON.c:1072:23:cJSON_ParseWithOpts	32	static
cJSON.c:1088:23:cJSON_ParseWithLengthOpts	64	static
cJSON.c:1168:23:cJSON_Parse	16	static
cJSON.c:1173:23:cJSON_ParseWithLength	16	static
cJSON.c:1180:23:print	64	static
cJSON.c:1245:22:cJSON_Print	16	static
cJSON.c:1250:22:cJSON_PrintUnformatted	16	static
cJSON.c:1255:22:cJSON_PrintBuffered	64	static
cJSON.c:1285:26:cJSON_PrintPreallocated	64	static
cJSON.c:1305:19:parse_value	16	static
cJSON.c:1360:19:print_value	24	static
cJSON.c:1434:19:parse_array	32	static
cJSON.c:1528:19:print_array	32	static
cJSON.c:1590:19:parse_object	32	static
cJSON.c:1699:19:print_object	40	static
cJSON.c:1813:19:cJSON_GetArraySize	24	static
cJSON.c:1836:15:get_array_item	24	static
cJSON.c:1855:23:cJSON_GetArrayItem	16	static
cJSON.c:1865:15:get_object_item	32	static
cJSON.c:1897:23:cJSON_GetObjectItem	16	static
cJSON.c:1902:23:cJSON_GetObjectItemCaseSensitive	16	static
cJSON.c:1907:26:cJSON_HasObjectItem	16	static
cJSON.c:1913:13:suffix_object	16	static
cJSON.c:1920:15:create_reference	24	static
cJSON.c:1941:19:add_item_to_array	24	static
cJSON.c:1984:26:cJSON_AddItemToArray	16	static
cJSON.c:1996:14:cast_away_const	16	static
cJSON.c:2005:19:add_item_to_object	32	static
cJSON.c:2042:26:cJSON_AddItemToObject	32	static
cJSON.c:2048:26:cJSON_AddItemToObjectCS	32	static
cJSON.c:2053:26:cJSON_AddItemReferenceToArray	16	static
cJSON.c:2063:26:cJSON_AddItemReferenceToObject	32	static
cJSON.c:2073:22:cJSON_AddNullToObject	32	static
cJSON.c:2085:22:cJSON_AddTrueToObject	32	static
cJSON.c:2097:22:cJSON_AddFalseToObject	32	static
cJSON.c:2109:22:cJSON_AddBoolToObject	40	static
cJSON.c:2121:22:cJSON_AddNumberToObject	40	static
cJSON.c:2133:22:cJSON_AddStringToObject	40	static
cJSON.c:2145:22:cJSON_AddRawToObject	40	static
cJSON.c:2157:22:cJSON_AddObjectToObject	32	static
cJSON.c:2169:22:cJSON_AddArrayToObject	32	static
cJSON.c:2181:23:cJSON_DetachItemViaPointer	16	static
cJSON.c:2211:23:cJSON_DetachItemFromArray	16	static
cJSON.c:2221:20:cJSON_DeleteItemFromArray	16	static
cJSON.c:2226:23:cJSON_DetachItemFromObject	24	static
cJSON.c:2233:23:cJSON_DetachItemFromObjectCaseSensitive	24	static
cJSON.c:2240:20:cJSON_DeleteItemFromObject	16	static
cJSON.c:2245:20:cJSON_DeleteItemFromObjectCaseSensitive	16	static
cJSON.c:2251:26:cJSON_InsertItemInArray	32	static
cJSON.c:2280:26:cJSON_ReplaceItemViaPointer	24	static
cJSON.c:2321:26:cJSON_ReplaceItemInArray	24	static
cJSON.c:2331:19:replace_item_in_object	24	static
cJSON.c:2349:26:cJSON_ReplaceItemInObject	24	static
cJSON.c:2354:26:cJSON_ReplaceItemInObjectCaseSensitive	24	static
cJSON.c:2360:23:cJSON_CreateNull	16	static
cJSON.c:2371:23:cJSON_CreateTrue	16	static
cJSON.c:2382:23:cJSON_CreateFalse	16	static
cJSON.c:2393:23:cJSON_CreateBool	24	static
cJSON.c:2404:23:cJSON_CreateNumber	24	static
cJSON.c:2430:23:cJSON_CreateString	24	static
cJSON.c:2447:23:cJSON_CreateStringReference	24	static
cJSON.c:2459:23:cJSON_CreateObjectReference	24	static
cJSON.c:2470:23:cJSON_CreateArrayReference	24	static
cJSON.c:2480:23:cJSON_CreateRaw	24	static
cJSON.c:2497:23:cJSON_CreateArray	16	static
cJSON.c:2508:23:cJSON_CreateObject	16	static
cJSON.c:2520:23:cJSON_CreateIntArray	32	static
cJSON.c:2555:23:cJSON_CreateFloatArray	32	static
cJSON.c:2591:23:cJSON_CreateDoubleArray	32	static
cJSON.c:2627:23:cJSON_CreateStringArray	32	static
cJSON.c:2664:23:cJSON_Duplicate	32	static
cJSON.c:2743:13:skip_oneline_comment	16	static
cJSON.c:2756:13:skip_multiline_comment	16	static
cJSON.c:2770:13:minify_string	16	static
cJSON.c:2792:20:cJSON_Minify	24	static
cJSON.c:2840:26:cJSON_IsInvalid	16	static
cJSON.c:2850:26:cJSON_IsFalse	16	static
cJSON.c:2860:26:cJSON_IsTrue	16	static
cJSON.c:2871:26:cJSON_IsBool	16	static
cJSON.c:2880:26:cJSON_IsNull	16	static
cJSON.c:2890:26:cJSON_IsNumber	16	static
cJSON.c:2900:26:cJSON_IsString	16	static
cJSON.c:2910:26:cJSON_IsArray	16	static
cJSON.c:2920:26:cJSON_IsObject	16	static
cJSON.c:2930:26:cJSON_IsRaw	16	static
cJSON.c:2940:26:cJSON_Compare	40	static
cJSON.c:3065:22:cJSON_malloc	16	static
cJSON.c:3070:20:cJSON_free	16	static
